The ``5-text_indentation.py`` module
==================================

Using ``text_indentation``
-------------------------

>>> text_indentation = __import__('5-text_indentation').text_indentation

>>> text_indentation("Hello. World?")
Hello.
<BLANKLINE>
World?
<BLANKLINE>

>>> text_indentation("This is great: really great.")
This is great:
<BLANKLINE>
really great.
<BLANKLINE>

>>> text_indentation("No indentation here")
No indentation here

>>> text_indentation("")
 
>>> text_indentation(123)
Traceback (most recent call last):
TypeError: text must be a string
